2026-10-09T13:59:07.311Z wait start maxMs=7200000
2026-10-09T13:59:07.589Z ready=false ioregLocked=true cursorWins=0 loginWins=1
2026-10-09T13:59:12.889Z ready=false ioregLocked=true cursorWins=0 loginWins=1
2026-10-09T13:59:18.189Z ready=false ioregLocked=true cursorWins=0 loginWins=1
2026-10-09T13:59:23.488Z ready=false ioregLocked=true cursorWins=0 loginWins=1
2026-10-09T13:59:28.787Z ready=false ioregLocked=true cursorWins=0 loginWins=1
2026-10-09T13:59:34.084Z ready=false ioregLocked=true cursorWins=0 loginWins=1
2026-10-09T13:59:39.377Z ready=false ioregLocked=true cursorWins=0 loginWins=1
2026-10-09T13:59:44.692Z ready=false ioregLocked=true cursorWins=0 loginWins=1
2026-10-09T13:59:50.013Z ready=false ioregLocked=true cursorWins=0 loginWins=1
2026-10-09T13:59:55.305Z ready=false ioregLocked=true cursorWins=0 loginWins=1
2026-10-09T14:00:00.609Z ready=false ioregLocked=true cursorWins=0 loginWins=1
2026-10-09T14:00:05.904Z ready=false ioregLocked=true cursorWins=0 loginWins=1
2026-10-09T14:00:11.212Z ready=false ioregLocked=true cursorWins=0 loginWins=1
2026-10-09T14:00:16.512Z ready=false ioregLocked=true cursorWins=0 loginWins=1
2026-10-09T14:00:21.813Z ready=false ioregLocked=true cursorWins=0 loginWins=1
2026-10-09T14:00:27.120Z ready=false ioregLocked=true cursorWins=0 loginWins=1
2026-10-09T14:00:32.485Z ready=false ioregLocked=true cursorWins=0 loginWins=1
2026-10-09T14:00:37.783Z ready=false ioregLocked=true cursorWins=0 loginWins=1
2026-10-09T14:00:43.087Z ready=false ioregLocked=true cursorWins=0 loginWins=1
2026-10-09T14:00:48.386Z ready=false ioregLocked=true cursorWins=0 loginWins=1
2026-10-09T14:00:53.679Z ready=false ioregLocked=true cursorWins=0 loginWins=1
2026-10-09T14:00:58.976Z ready=false ioregLocked=true cursorWins=0 loginWins=1
2026-10-09T14:01:04.275Z ready=false ioregLocked=true cursorWins=0 loginWins=1
2026-10-09T14:01:09.578Z ready=false ioregLocked=true cursorWins=0 loginWins=1
2026-10-09T14:01:14.880Z ready=false ioregLocked=true cursorWins=0 loginWins=1
2026-10-09T14:01:20.180Z ready=false ioregLocked=true cursorWins=0 loginWins=1
2026-10-09T14:01:25.478Z ready=false ioregLocked=true cursorWins=0 loginWins=1
2026-10-09T14:01:30.769Z ready=false ioregLocked=true cursorWins=0 loginWins=1
2026-10-09T14:01:36.052Z ready=false ioregLocked=true cursorWins=0 loginWins=1
2026-10-09T14:01:41.400Z ready=false ioregLocked=true cursorWins=0 loginWins=1
2026-10-09T14:01:46.742Z ready=false ioregLocked=true cursorWins=0 loginWins=1
2026-10-09T14:01:52.066Z ready=false ioregLocked=true cursorWins=0 loginWins=1
2026-10-09T14:01:57.386Z ready=false ioregLocked=true cursorWins=0 loginWins=1
2026-10-09T14:02:02.705Z ready=false ioregLocked=true cursorWins=0 loginWins=1
2026-10-09T14:02:08.030Z ready=false ioregLocked=true cursorWins=0 loginWins=1
2026-10-09T14:02:13.355Z ready=false ioregLocked=true cursorWins=0 loginWins=1
2026-10-09T14:02:18.671Z ready=false ioregLocked=true cursorWins=0 loginWins=1
2026-10-09T14:02:23.995Z ready=false ioregLocked=true cursorWins=0 loginWins=1
2026-10-09T14:02:29.302Z ready=false ioregLocked=true cursorWins=0 loginWins=1
2026-10-09T14:02:34.621Z ready=false ioregLocked=true cursorWins=0 loginWins=1
2026-10-09T14:02:39.944Z ready=false ioregLocked=true cursorWins=0 loginWins=1
2026-10-09T14:02:45.268Z ready=false ioregLocked=true cursorWins=0 loginWins=1
2026-10-09T14:02:50.595Z ready=false ioregLocked=true cursorWins=0 loginWins=1
2026-10-09T14:02:55.919Z ready=false ioregLocked=true cursorWins=0 loginWins=1
2026-10-09T14:03:01.254Z ready=false ioregLocked=true cursorWins=0 loginWins=1
2026-10-09T14:03:06.570Z ready=false ioregLocked=true cursorWins=0 loginWins=1
2026-10-09T14:03:11.887Z ready=false ioregLocked=true cursorWins=0 loginWins=1
2026-10-09T14:03:17.211Z ready=false ioregLocked=true cursorWins=0 loginWins=1
2026-10-09T14:03:22.558Z ready=false ioregLocked=true cursorWins=0 loginWins=1
2026-10-09T14:03:27.896Z ready=false ioregLocked=true cursorWins=0 loginWins=1
2026-10-09T14:03:33.237Z ready=false ioregLocked=true cursorWins=0 loginWins=1
2026-10-09T14:03:38.571Z ready=false ioregLocked=true cursorWins=0 loginWins=1
2026-10-09T14:03:43.912Z ready=false ioregLocked=true cursorWins=0 loginWins=1
2026-10-09T14:03:49.263Z ready=false ioregLocked=true cursorWins=0 loginWins=1
2026-10-09T14:03:54.595Z ready=false ioregLocked=true cursorWins=0 loginWins=1
2026-10-09T14:03:59.927Z ready=false ioregLocked=true cursorWins=0 loginWins=1
2026-10-09T14:04:05.266Z ready=false ioregLocked=true cursorWins=0 loginWins=1
2026-10-09T14:04:10.602Z ready=false ioregLocked=true cursorWins=0 loginWins=1
2026-10-09T14:04:15.935Z ready=false ioregLocked=true cursorWins=0 loginWins=1
2026-10-09T14:04:21.261Z ready=false ioregLocked=true cursorWins=0 loginWins=1
2026-10-09T14:04:26.610Z ready=false ioregLocked=true cursorWins=0 loginWins=1
2026-10-09T14:04:31.944Z ready=false ioregLocked=true cursorWins=0 loginWins=1
2026-10-09T14:04:37.295Z ready=false ioregLocked=true cursorWins=0 loginWins=1
2026-10-09T14:04:42.632Z ready=false ioregLocked=true cursorWins=0 loginWins=1
2026-10-09T14:04:47.969Z ready=false ioregLocked=true cursorWins=0 loginWins=1
2026-10-09T14:04:53.312Z ready=false ioregLocked=true cursorWins=0 loginWins=1
2026-10-09T14:04:58.644Z ready=false ioregLocked=true cursorWins=0 loginWins=1
2026-10-09T14:05:03.991Z ready=false ioregLocked=true cursorWins=0 loginWins=1
2026-10-09T14:05:09.335Z ready=false ioregLocked=true cursorWins=0 loginWins=1
2026-10-09T14:05:14.661Z ready=false ioregLocked=true cursorWins=0 loginWins=1
2026-10-09T14:05:19.994Z ready=false ioregLocked=true cursorWins=0 loginWins=1
2026-10-09T14:05:25.332Z ready=false ioregLocked=true cursorWins=0 loginWins=1
2026-10-09T14:05:30.675Z ready=false ioregLocked=true cursorWins=0 loginWins=1
2026-10-09T14:05:36.020Z ready=false ioregLocked=true cursorWins=0 loginWins=1
2026-10-09T14:05:41.368Z ready=false ioregLocked=true cursorWins=0 loginWins=1
2026-10-09T14:05:46.695Z ready=false ioregLocked=true cursorWins=0 loginWins=1
2026-10-09T14:05:52.011Z ready=false ioregLocked=true cursorWins=0 loginWins=1
2026-10-09T14:05:57.343Z ready=false ioregLocked=true cursorWins=0 loginWins=1
2026-10-09T14:06:02.674Z ready=false ioregLocked=true cursorWins=0 loginWins=1
2026-10-09T14:06:08.012Z ready=false ioregLocked=true cursorWins=0 loginWins=1
2026-10-09T14:06:13.337Z ready=false ioregLocked=true cursorWins=0 loginWins=1
2026-10-09T14:06:18.668Z ready=false ioregLocked=true cursorWins=0 loginWins=1
2026-10-09T14:06:23.990Z ready=false ioregLocked=true cursorWins=0 loginWins=1
2026-10-09T14:06:29.315Z ready=false ioregLocked=true cursorWins=0 loginWins=1
2026-10-09T14:06:34.652Z ready=false ioregLocked=true cursorWins=0 loginWins=1
2026-10-09T14:06:39.985Z ready=false ioregLocked=true cursorWins=0 loginWins=1
2026-10-09T14:06:45.351Z ready=false ioregLocked=true cursorWins=0 loginWins=1
2026-10-09T14:06:50.694Z ready=false ioregLocked=true cursorWins=0 loginWins=1
2026-10-09T14:06:56.032Z ready=false ioregLocked=true cursorWins=0 loginWins=1
2026-10-09T14:07:01.359Z ready=false ioregLocked=true cursorWins=0 loginWins=1
2026-10-09T14:07:06.687Z ready=false ioregLocked=true cursorWins=0 loginWins=1
2026-10-09T14:07:12.017Z ready=false ioregLocked=true cursorWins=0 loginWins=1
2026-10-09T14:07:17.351Z ready=false ioregLocked=true cursorWins=0 loginWins=1
2026-10-09T14:07:22.686Z ready=false ioregLocked=true cursorWins=0 loginWins=1
2026-10-09T14:07:28.018Z ready=false ioregLocked=true cursorWins=0 loginWins=1
2026-10-09T14:07:33.361Z ready=false ioregLocked=true cursorWins=0 loginWins=1
2026-10-09T14:07:38.677Z ready=false ioregLocked=true cursorWins=0 loginWins=1
2026-10-09T14:07:44.001Z ready=false ioregLocked=true cursorWins=0 loginWins=1
2026-10-09T14:07:49.332Z ready=false ioregLocked=true cursorWins=0 loginWins=1
2026-10-09T14:07:54.684Z ready=false ioregLocked=true cursorWins=0 loginWins=1
2026-10-09T14:08:00.026Z ready=false ioregLocked=true cursorWins=0 loginWins=1
2026-10-09T14:08:05.359Z ready=false ioregLocked=true cursorWins=0 loginWins=1
2026-10-09T14:08:10.687Z ready=false ioregLocked=true cursorWins=0 loginWins=1
2026-10-09T14:08:16.003Z ready=false ioregLocked=true cursorWins=0 loginWins=1
2026-10-09T14:08:21.335Z ready=false ioregLocked=true cursorWins=0 loginWins=1
2026-10-09T14:08:26.667Z ready=false ioregLocked=true cursorWins=0 loginWins=1
2026-10-09T14:08:31.985Z ready=false ioregLocked=true cursorWins=0 loginWins=1
2026-10-09T14:08:37.308Z ready=false ioregLocked=true cursorWins=0 loginWins=1
2026-10-09T14:08:42.629Z ready=false ioregLocked=true cursorWins=0 loginWins=1
2026-10-09T14:08:47.952Z ready=false ioregLocked=true cursorWins=0 loginWins=1
2026-10-09T14:08:53.273Z ready=false ioregLocked=true cursorWins=0 loginWins=1
2026-10-09T14:08:58.593Z ready=false ioregLocked=true cursorWins=0 loginWins=1
2026-10-09T14:09:03.909Z ready=false ioregLocked=true cursorWins=0 loginWins=1
2026-10-09T14:09:09.236Z ready=false ioregLocked=true cursorWins=0 loginWins=1
2026-10-09T14:09:14.560Z ready=false ioregLocked=true cursorWins=0 loginWins=1
2026-10-09T14:09:19.898Z ready=false ioregLocked=true cursorWins=0 loginWins=1
2026-10-09T14:09:25.236Z ready=false ioregLocked=true cursorWins=0 loginWins=1
2026-10-09T14:09:30.575Z ready=false ioregLocked=true cursorWins=0 loginWins=1
2026-10-09T14:09:35.917Z ready=false ioregLocked=true cursorWins=0 loginWins=1
2026-10-09T14:09:41.243Z ready=false ioregLocked=true cursorWins=0 loginWins=1
2026-10-09T14:09:46.575Z ready=false ioregLocked=true cursorWins=0 loginWins=1
2026-10-09T14:09:51.909Z ready=false ioregLocked=true cursorWins=0 loginWins=1
2026-10-09T14:09:57.226Z ready=false ioregLocked=true cursorWins=0 loginWins=1
2026-10-09T14:10:02.567Z ready=false ioregLocked=true cursorWins=0 loginWins=1
2026-10-09T14:10:07.925Z ready=false ioregLocked=true cursorWins=0 loginWins=1
2026-10-09T14:10:13.269Z ready=false ioregLocked=true cursorWins=0 loginWins=1
2026-10-09T14:10:18.616Z ready=false ioregLocked=true cursorWins=0 loginWins=1
2026-10-09T14:10:23.944Z ready=false ioregLocked=true cursorWins=0 loginWins=1
2026-10-09T14:10:29.276Z ready=false ioregLocked=true cursorWins=0 loginWins=1
2026-10-09T14:10:34.608Z ready=false ioregLocked=true cursorWins=0 loginWins=1
2026-10-09T14:10:39.947Z ready=false ioregLocked=true cursorWins=0 loginWins=1
2026-10-09T14:10:45.306Z ready=false ioregLocked=true cursorWins=0 loginWins=1
2026-10-09T14:10:50.636Z ready=false ioregLocked=true cursorWins=0 loginWins=1
2026-10-09T14:10:55.961Z ready=false ioregLocked=true cursorWins=0 loginWins=1
2026-10-09T14:11:01.292Z ready=false ioregLocked=true cursorWins=0 loginWins=1
2026-10-09T14:11:06.628Z ready=false ioregLocked=true cursorWins=0 loginWins=1
2026-10-09T14:11:11.956Z ready=false ioregLocked=true cursorWins=0 loginWins=1
2026-10-09T14:11:17.283Z ready=false ioregLocked=true cursorWins=0 loginWins=1
2026-10-09T14:11:22.610Z ready=false ioregLocked=true cursorWins=0 loginWins=1
2026-10-09T14:11:27.939Z ready=false ioregLocked=true cursorWins=0 loginWins=1
2026-10-09T14:11:33.269Z ready=false ioregLocked=true cursorWins=0 loginWins=1
2026-10-09T14:11:38.608Z ready=false ioregLocked=true cursorWins=0 loginWins=1
2026-10-09T14:11:43.942Z ready=false ioregLocked=true cursorWins=0 loginWins=1
2026-10-09T14:11:49.275Z ready=false ioregLocked=true cursorWins=0 loginWins=1
2026-10-09T14:11:54.600Z ready=false ioregLocked=true cursorWins=0 loginWins=1
2026-10-09T14:11:59.936Z ready=false ioregLocked=true cursorWins=0 loginWins=1
2026-10-09T14:12:05.301Z ready=false ioregLocked=true cursorWins=0 loginWins=1
2026-10-09T14:12:10.650Z ready=false ioregLocked=true cursorWins=0 loginWins=1
2026-10-09T14:12:15.989Z ready=false ioregLocked=true cursorWins=0 loginWins=1
2026-10-09T14:12:21.325Z ready=false ioregLocked=true cursorWins=0 loginWins=1
2026-10-09T14:12:26.658Z ready=false ioregLocked=true cursorWins=0 loginWins=1
2026-10-09T14:12:31.997Z ready=false ioregLocked=true cursorWins=0 loginWins=1
2026-10-09T14:12:37.315Z ready=false ioregLocked=true cursorWins=0 loginWins=1
2026-10-09T14:12:42.601Z ready=false ioregLocked=true cursorWins=0 loginWins=1
2026-10-09T14:12:47.930Z ready=false ioregLocked=true cursorWins=0 loginWins=1
2026-10-09T14:12:53.267Z ready=false ioregLocked=true cursorWins=0 loginWins=1
2026-10-09T14:12:58.599Z ready=false ioregLocked=true cursorWins=0 loginWins=1
2026-10-09T14:13:03.933Z ready=false ioregLocked=true cursorWins=0 loginWins=1
2026-10-09T14:13:09.274Z ready=false ioregLocked=true cursorWins=0 loginWins=1
2026-10-09T14:13:14.608Z ready=false ioregLocked=true cursorWins=0 loginWins=1
2026-10-09T14:13:19.932Z ready=false ioregLocked=true cursorWins=0 loginWins=1
2026-10-09T14:13:25.258Z ready=false ioregLocked=true cursorWins=0 loginWins=1
2026-10-09T14:13:30.583Z ready=false ioregLocked=true cursorWins=0 loginWins=1
2026-10-09T14:13:35.933Z ready=false ioregLocked=true cursorWins=0 loginWins=1
2026-10-09T14:13:41.277Z ready=false ioregLocked=true cursorWins=0 loginWins=1
2026-10-09T14:13:46.602Z ready=false ioregLocked=true cursorWins=0 loginWins=1
2026-10-09T14:13:51.932Z ready=false ioregLocked=true cursorWins=0 loginWins=1
2026-10-09T14:13:57.267Z ready=false ioregLocked=true cursorWins=0 loginWins=1
2026-10-09T14:14:02.593Z ready=false ioregLocked=true cursorWins=0 loginWins=1
2026-10-09T14:14:07.924Z ready=false ioregLocked=true cursorWins=0 loginWins=1
2026-10-09T14:14:13.252Z ready=false ioregLocked=true cursorWins=0 loginWins=1
2026-10-09T14:14:18.591Z ready=false ioregLocked=true cursorWins=0 loginWins=1
2026-10-09T14:14:23.926Z ready=false ioregLocked=true cursorWins=0 loginWins=1
2026-10-09T14:14:29.251Z ready=false ioregLocked=true cursorWins=0 loginWins=1
2026-10-09T14:14:34.582Z ready=false ioregLocked=true cursorWins=0 loginWins=1
2026-10-09T14:14:39.915Z ready=false ioregLocked=true cursorWins=0 loginWins=1
2026-10-09T14:14:45.247Z ready=false ioregLocked=true cursorWins=0 loginWins=1
2026-10-09T14:14:50.580Z ready=false ioregLocked=true cursorWins=0 loginWins=1
2026-10-09T14:14:55.907Z ready=false ioregLocked=true cursorWins=0 loginWins=1
2026-10-09T14:15:01.217Z ready=false ioregLocked=true cursorWins=0 loginWins=1
2026-10-09T14:15:06.543Z ready=false ioregLocked=true cursorWins=0 loginWins=1
2026-10-09T14:15:11.871Z ready=false ioregLocked=true cursorWins=0 loginWins=1
2026-10-09T14:15:17.191Z ready=false ioregLocked=true cursorWins=0 loginWins=1
2026-10-09T14:15:22.524Z ready=false ioregLocked=true cursorWins=0 loginWins=1
2026-10-09T14:15:27.857Z ready=false ioregLocked=true cursorWins=0 loginWins=1
2026-10-09T14:15:33.193Z ready=false ioregLocked=true cursorWins=0 loginWins=1
2026-10-09T14:15:38.535Z ready=false ioregLocked=true cursorWins=0 loginWins=1
2026-10-09T14:15:43.877Z ready=false ioregLocked=true cursorWins=0 loginWins=1
2026-10-09T14:15:49.201Z ready=false ioregLocked=true cursorWins=0 loginWins=1
2026-10-09T14:15:54.533Z ready=false ioregLocked=true cursorWins=0 loginWins=1
2026-10-09T14:15:59.880Z ready=false ioregLocked=true cursorWins=0 loginWins=1
2026-10-09T14:16:05.210Z ready=false ioregLocked=true cursorWins=0 loginWins=1
2026-10-09T14:16:10.540Z ready=false ioregLocked=true cursorWins=0 loginWins=1
2026-10-09T14:16:15.865Z ready=false ioregLocked=true cursorWins=0 loginWins=1
2026-10-09T14:16:21.184Z ready=false ioregLocked=true cursorWins=0 loginWins=1
2026-10-09T14:16:26.524Z ready=false ioregLocked=true cursorWins=0 loginWins=1
2026-10-09T14:16:31.850Z ready=false ioregLocked=true cursorWins=0 loginWins=1
2026-10-09T14:16:37.179Z ready=false ioregLocked=true cursorWins=0 loginWins=1
2026-10-09T14:16:42.516Z ready=false ioregLocked=true cursorWins=0 loginWins=1
2026-10-09T14:16:47.857Z ready=false ioregLocked=true cursorWins=0 loginWins=1
2026-10-09T14:16:53.198Z ready=false ioregLocked=true cursorWins=0 loginWins=1
2026-10-09T14:16:58.532Z ready=false ioregLocked=true cursorWins=0 loginWins=1
2026-10-09T14:17:03.863Z ready=false ioregLocked=true cursorWins=0 loginWins=1
2026-10-09T14:17:09.193Z ready=false ioregLocked=true cursorWins=0 loginWins=1
2026-10-09T14:17:14.526Z ready=false ioregLocked=true cursorWins=0 loginWins=1
2026-10-09T14:17:19.857Z ready=false ioregLocked=true cursorWins=0 loginWins=1
2026-10-09T14:17:25.176Z ready=false ioregLocked=true cursorWins=0 loginWins=1
2026-10-09T14:17:30.526Z ready=false ioregLocked=true cursorWins=0 loginWins=1
2026-10-09T14:17:35.862Z ready=false ioregLocked=true cursorWins=0 loginWins=1
2026-10-09T14:17:41.199Z ready=false ioregLocked=true cursorWins=0 loginWins=1
2026-10-09T14:17:46.507Z ready=false ioregLocked=true cursorWins=0 loginWins=1
2026-10-09T14:17:51.840Z ready=false ioregLocked=true cursorWins=0 loginWins=1
2026-10-09T14:17:57.174Z ready=false ioregLocked=true cursorWins=0 loginWins=1
2026-10-09T14:18:02.512Z ready=false ioregLocked=true cursorWins=0 loginWins=1
2026-10-09T14:18:07.848Z ready=false ioregLocked=true cursorWins=0 loginWins=1
2026-10-09T14:18:13.176Z ready=false ioregLocked=true cursorWins=0 loginWins=1
2026-10-09T14:18:18.512Z ready=false ioregLocked=true cursorWins=0 loginWins=1
2026-10-09T14:18:23.843Z ready=false ioregLocked=true cursorWins=0 loginWins=1
2026-10-09T14:18:29.173Z ready=false ioregLocked=true cursorWins=0 loginWins=1
2026-10-09T14:18:34.512Z ready=false ioregLocked=true cursorWins=0 loginWins=1
2026-10-09T14:18:39.848Z ready=false ioregLocked=true cursorWins=0 loginWins=1
2026-10-09T14:18:45.190Z ready=false ioregLocked=true cursorWins=0 loginWins=1
2026-10-09T14:18:50.538Z ready=false ioregLocked=true cursorWins=0 loginWins=1
2026-10-09T14:18:55.866Z ready=false ioregLocked=true cursorWins=0 loginWins=1
2026-10-09T14:19:01.191Z ready=false ioregLocked=true cursorWins=0 loginWins=1
2026-10-09T14:19:06.538Z ready=false ioregLocked=true cursorWins=0 loginWins=1
2026-10-09T14:19:11.885Z ready=false ioregLocked=true cursorWins=0 loginWins=1
2026-10-09T14:19:17.209Z ready=false ioregLocked=true cursorWins=0 loginWins=1
2026-10-09T14:19:22.551Z ready=false ioregLocked=true cursorWins=0 loginWins=1
2026-10-09T14:19:27.888Z ready=false ioregLocked=true cursorWins=0 loginWins=1
2026-10-09T14:19:33.226Z ready=false ioregLocked=true cursorWins=0 loginWins=1
2026-10-09T14:19:38.572Z ready=false ioregLocked=true cursorWins=0 loginWins=1
2026-10-09T14:19:43.905Z ready=false ioregLocked=true cursorWins=0 loginWins=1
2026-10-09T14:19:49.243Z ready=false ioregLocked=true cursorWins=0 loginWins=1
2026-10-09T14:19:54.591Z ready=false ioregLocked=true cursorWins=0 loginWins=1
2026-10-09T14:19:59.918Z ready=false ioregLocked=true cursorWins=0 loginWins=1
2026-10-09T14:20:05.266Z ready=false ioregLocked=true cursorWins=0 loginWins=1
2026-10-09T14:20:10.584Z ready=false ioregLocked=true cursorWins=0 loginWins=1
2026-10-09T14:20:15.921Z ready=false ioregLocked=true cursorWins=0 loginWins=1
2026-10-09T14:20:21.259Z ready=false ioregLocked=true cursorWins=0 loginWins=1
2026-10-09T14:20:26.600Z ready=false ioregLocked=true cursorWins=0 loginWins=1
2026-10-09T14:20:31.955Z ready=false ioregLocked=true cursorWins=0 loginWins=1
2026-10-09T14:20:37.305Z ready=false ioregLocked=true cursorWins=0 loginWins=1
2026-10-09T14:20:42.649Z ready=false ioregLocked=true cursorWins=0 loginWins=1
2026-10-09T14:20:47.976Z ready=false ioregLocked=true cursorWins=0 loginWins=1
2026-10-09T14:20:53.324Z ready=false ioregLocked=true cursorWins=0 loginWins=1
2026-10-09T14:20:58.683Z ready=false ioregLocked=true cursorWins=0 loginWins=1
2026-10-09T14:21:04.026Z ready=false ioregLocked=true cursorWins=0 loginWins=1
2026-10-09T14:21:09.363Z ready=false ioregLocked=true cursorWins=0 loginWins=1
2026-10-09T14:21:14.702Z ready=false ioregLocked=true cursorWins=0 loginWins=1
2026-10-09T14:21:20.046Z ready=false ioregLocked=true cursorWins=0 loginWins=1
2026-10-09T14:21:25.396Z ready=false ioregLocked=true cursorWins=0 loginWins=1
2026-10-09T14:21:30.708Z ready=false ioregLocked=true cursorWins=0 loginWins=1
2026-10-09T14:21:36.046Z ready=false ioregLocked=true cursorWins=0 loginWins=1
2026-10-09T14:21:41.393Z ready=false ioregLocked=true cursorWins=0 loginWins=1
2026-10-09T14:21:46.725Z ready=false ioregLocked=true cursorWins=0 loginWins=1
2026-10-09T14:21:52.065Z ready=false ioregLocked=true cursorWins=0 loginWins=1
2026-10-09T14:21:57.416Z ready=false ioregLocked=true cursorWins=0 loginWins=1
2026-10-09T14:22:02.767Z ready=false ioregLocked=true cursorWins=0 loginWins=1
2026-10-09T14:22:08.121Z ready=false ioregLocked=true cursorWins=0 loginWins=1
2026-10-09T14:22:13.466Z ready=false ioregLocked=true cursorWins=0 loginWins=1
2026-10-09T14:22:18.815Z ready=false ioregLocked=true cursorWins=0 loginWins=1
2026-10-09T14:22:24.157Z ready=false ioregLocked=true cursorWins=0 loginWins=1
2026-10-09T14:22:29.508Z ready=false ioregLocked=true cursorWins=0 loginWins=1
2026-10-09T14:22:34.840Z ready=false ioregLocked=true cursorWins=0 loginWins=1
2026-10-09T14:22:40.184Z ready=false ioregLocked=true cursorWins=0 loginWins=1
2026-10-09T14:22:45.524Z ready=false ioregLocked=true cursorWins=0 loginWins=1
2026-10-09T14:22:50.841Z ready=false ioregLocked=true cursorWins=0 loginWins=1
2026-10-09T14:22:56.182Z ready=false ioregLocked=true cursorWins=0 loginWins=1
2026-10-09T14:23:01.524Z ready=false ioregLocked=true cursorWins=0 loginWins=1
2026-10-09T14:23:06.867Z ready=false ioregLocked=true cursorWins=0 loginWins=1
2026-10-09T14:23:12.212Z ready=false ioregLocked=true cursorWins=0 loginWins=1
2026-10-09T14:23:17.551Z ready=false ioregLocked=true cursorWins=0 loginWins=1
2026-10-09T14:23:22.892Z ready=false ioregLocked=true cursorWins=0 loginWins=1
2026-10-09T14:23:28.217Z ready=false ioregLocked=true cursorWins=0 loginWins=1
2026-10-09T14:23:33.559Z ready=false ioregLocked=true cursorWins=0 loginWins=1
2026-10-09T14:23:38.898Z ready=false ioregLocked=true cursorWins=0 loginWins=1
2026-10-09T14:23:44.248Z ready=false ioregLocked=true cursorWins=0 loginWins=1
2026-10-09T14:23:49.581Z ready=false ioregLocked=true cursorWins=0 loginWins=1
2026-10-09T14:23:54.915Z ready=false ioregLocked=true cursorWins=0 loginWins=1
2026-10-09T14:24:00.266Z ready=false ioregLocked=true cursorWins=0 loginWins=1
2026-10-09T14:24:05.612Z ready=false ioregLocked=true cursorWins=0 loginWins=1
2026-10-09T14:24:10.950Z ready=false ioregLocked=true cursorWins=0 loginWins=1
2026-10-09T14:24:16.298Z ready=false ioregLocked=true cursorWins=0 loginWins=1
2026-10-09T14:24:21.632Z ready=false ioregLocked=true cursorWins=0 loginWins=1
2026-10-09T14:24:26.975Z ready=false ioregLocked=true cursorWins=0 loginWins=1
2026-10-09T14:24:32.326Z ready=false ioregLocked=true cursorWins=0 loginWins=1
2026-10-09T14:24:37.674Z ready=false ioregLocked=true cursorWins=0 loginWins=1
2026-10-09T14:24:43.023Z ready=false ioregLocked=true cursorWins=0 loginWins=1
2026-10-09T14:24:48.364Z ready=false ioregLocked=true cursorWins=0 loginWins=1
2026-10-09T14:24:53.690Z ready=false ioregLocked=true cursorWins=0 loginWins=1
2026-10-09T14:24:59.029Z ready=false ioregLocked=true cursorWins=0 loginWins=1
2026-10-09T14:25:04.358Z ready=false ioregLocked=true cursorWins=0 loginWins=1
2026-10-09T14:25:09.704Z ready=false ioregLocked=true cursorWins=0 loginWins=1
2026-10-09T14:25:15.045Z ready=false ioregLocked=true cursorWins=0 loginWins=1
2026-10-09T14:25:20.399Z ready=false ioregLocked=true cursorWins=0 loginWins=1
2026-10-09T14:25:25.723Z ready=false ioregLocked=true cursorWins=0 loginWins=1
2026-10-09T14:25:31.066Z ready=false ioregLocked=true cursorWins=0 loginWins=1
2026-10-09T14:25:36.417Z ready=false ioregLocked=true cursorWins=0 loginWins=1
2026-10-09T14:25:41.742Z ready=false ioregLocked=true cursorWins=0 loginWins=1
2026-10-09T14:25:47.067Z ready=false ioregLocked=true cursorWins=0 loginWins=1
2026-10-09T14:25:52.400Z ready=false ioregLocked=true cursorWins=0 loginWins=1
2026-10-09T14:25:57.742Z ready=false ioregLocked=true cursorWins=0 loginWins=1
2026-10-09T14:26:03.081Z ready=false ioregLocked=true cursorWins=0 loginWins=1
2026-10-09T14:26:08.405Z ready=false ioregLocked=true cursorWins=0 loginWins=1
2026-10-09T14:26:13.739Z ready=false ioregLocked=true cursorWins=0 loginWins=1
2026-10-09T14:26:19.087Z ready=false ioregLocked=true cursorWins=0 loginWins=1
2026-10-09T14:26:24.431Z ready=false ioregLocked=true cursorWins=0 loginWins=1
2026-10-09T14:26:29.764Z ready=false ioregLocked=true cursorWins=0 loginWins=1
2026-10-09T14:26:35.098Z ready=false ioregLocked=true cursorWins=0 loginWins=1
2026-10-09T14:26:40.425Z ready=false ioregLocked=true cursorWins=0 loginWins=1
2026-10-09T14:26:45.781Z ready=false ioregLocked=true cursorWins=0 loginWins=1
2026-10-09T14:26:51.131Z ready=false ioregLocked=true cursorWins=0 loginWins=1
2026-10-09T14:26:56.500Z ready=false ioregLocked=true cursorWins=0 loginWins=1
2026-10-09T14:27:01.831Z ready=false ioregLocked=true cursorWins=0 loginWins=1
2026-10-09T14:27:07.165Z ready=false ioregLocked=true cursorWins=0 loginWins=1
2026-10-09T14:27:12.500Z ready=false ioregLocked=true cursorWins=0 loginWins=1
2026-10-09T14:27:17.845Z ready=false ioregLocked=true cursorWins=0 loginWins=1
2026-10-09T14:27:23.180Z ready=false ioregLocked=true cursorWins=0 loginWins=1
2026-10-09T14:27:28.522Z ready=false ioregLocked=true cursorWins=0 loginWins=1
2026-10-09T14:27:33.859Z ready=false ioregLocked=true cursorWins=0 loginWins=1
2026-10-09T14:27:39.203Z ready=false ioregLocked=true cursorWins=0 loginWins=1
2026-10-09T14:27:44.547Z ready=false ioregLocked=true cursorWins=0 loginWins=1
2026-10-09T14:27:49.882Z ready=false ioregLocked=true cursorWins=0 loginWins=1
2026-10-09T14:27:55.207Z ready=false ioregLocked=true cursorWins=0 loginWins=1
2026-10-09T14:28:00.532Z ready=false ioregLocked=true cursorWins=0 loginWins=1
2026-10-09T14:28:05.866Z ready=false ioregLocked=true cursorWins=0 loginWins=1
2026-10-09T14:28:11.197Z ready=false ioregLocked=true cursorWins=0 loginWins=1
2026-10-09T14:28:16.533Z ready=false ioregLocked=true cursorWins=0 loginWins=1
2026-10-09T14:28:21.841Z ready=false ioregLocked=true cursorWins=0 loginWins=1
2026-10-09T14:28:27.173Z ready=false ioregLocked=true cursorWins=0 loginWins=1
2026-10-09T14:28:32.514Z ready=false ioregLocked=true cursorWins=0 loginWins=1
2026-10-09T14:28:37.855Z ready=false ioregLocked=true cursorWins=0 loginWins=1
2026-10-09T14:28:43.189Z ready=false ioregLocked=true cursorWins=0 loginWins=1
2026-10-09T14:28:48.539Z ready=false ioregLocked=true cursorWins=0 loginWins=1
2026-10-09T14:28:53.874Z ready=false ioregLocked=true cursorWins=0 loginWins=1
2026-10-09T14:28:59.216Z ready=false ioregLocked=true cursorWins=0 loginWins=1
2026-10-09T14:29:04.557Z ready=false ioregLocked=true cursorWins=0 loginWins=1
2026-10-09T14:29:09.903Z ready=false ioregLocked=true cursorWins=0 loginWins=1
2026-10-09T14:29:15.244Z ready=false ioregLocked=true cursorWins=0 loginWins=1
2026-10-09T14:29:20.591Z ready=false ioregLocked=true cursorWins=0 loginWins=1
2026-10-09T14:29:25.915Z ready=false ioregLocked=true cursorWins=0 loginWins=1
2026-10-09T14:29:31.249Z ready=false ioregLocked=true cursorWins=0 loginWins=1
2026-10-09T14:29:36.574Z ready=false ioregLocked=true cursorWins=0 loginWins=1
2026-10-09T14:29:41.899Z ready=false ioregLocked=true cursorWins=0 loginWins=1
2026-10-09T14:29:47.250Z ready=false ioregLocked=true cursorWins=0 loginWins=1
2026-10-09T14:29:52.589Z ready=false ioregLocked=true cursorWins=0 loginWins=1
2026-10-09T14:29:57.908Z ready=false ioregLocked=true cursorWins=0 loginWins=1
2026-10-09T14:30:03.247Z ready=false ioregLocked=true cursorWins=0 loginWins=1
2026-10-09T14:30:08.582Z ready=false ioregLocked=true cursorWins=0 loginWins=1
2026-10-09T14:30:13.913Z ready=false ioregLocked=true cursorWins=0 loginWins=1
2026-10-09T14:30:19.247Z ready=false ioregLocked=true cursorWins=0 loginWins=1
2026-10-09T14:30:24.594Z ready=false ioregLocked=true cursorWins=0 loginWins=1
2026-10-09T14:30:29.939Z ready=false ioregLocked=true cursorWins=0 loginWins=1
2026-10-09T14:30:35.272Z ready=false ioregLocked=true cursorWins=0 loginWins=1
2026-10-09T14:30:40.611Z ready=false ioregLocked=true cursorWins=0 loginWins=1
2026-10-09T14:30:45.955Z ready=false ioregLocked=true cursorWins=0 loginWins=1
2026-10-09T14:30:51.289Z ready=false ioregLocked=true cursorWins=0 loginWins=1
2026-10-09T14:30:56.621Z ready=false ioregLocked=true cursorWins=0 loginWins=1
2026-10-09T14:31:01.947Z ready=false ioregLocked=true cursorWins=0 loginWins=1
2026-10-09T14:31:07.288Z ready=false ioregLocked=true cursorWins=0 loginWins=1
2026-10-09T14:31:12.606Z ready=false ioregLocked=true cursorWins=0 loginWins=1
2026-10-09T14:31:17.932Z ready=false ioregLocked=true cursorWins=0 loginWins=1
2026-10-09T14:31:23.282Z ready=false ioregLocked=true cursorWins=0 loginWins=1
2026-10-09T14:31:28.621Z ready=false ioregLocked=true cursorWins=0 loginWins=1
2026-10-09T14:31:33.972Z ready=false ioregLocked=true cursorWins=0 loginWins=1
2026-10-09T14:31:39.314Z ready=false ioregLocked=true cursorWins=0 loginWins=1
2026-10-09T14:31:44.655Z ready=false ioregLocked=true cursorWins=0 loginWins=1
2026-10-09T14:31:49.989Z ready=false ioregLocked=true cursorWins=0 loginWins=1
2026-10-09T14:31:55.332Z ready=false ioregLocked=true cursorWins=0 loginWins=1
2026-10-09T14:32:00.669Z ready=false ioregLocked=true cursorWins=0 loginWins=1
2026-10-09T14:32:06.004Z ready=false ioregLocked=true cursorWins=0 loginWins=1
2026-10-09T14:32:11.338Z ready=false ioregLocked=true cursorWins=0 loginWins=1
2026-10-09T14:32:16.671Z ready=false ioregLocked=true cursorWins=0 loginWins=1
2026-10-09T14:32:22.015Z ready=false ioregLocked=true cursorWins=0 loginWins=1
2026-10-09T14:32:27.357Z ready=false ioregLocked=true cursorWins=0 loginWins=1
2026-10-09T14:32:32.690Z ready=false ioregLocked=true cursorWins=0 loginWins=1
2026-10-09T14:32:38.023Z ready=false ioregLocked=true cursorWins=0 loginWins=1
2026-10-09T14:32:43.352Z ready=false ioregLocked=true cursorWins=0 loginWins=1
2026-10-09T14:32:48.679Z ready=false ioregLocked=true cursorWins=0 loginWins=1
2026-10-09T14:32:54.014Z ready=false ioregLocked=true cursorWins=0 loginWins=1
2026-10-09T14:32:59.322Z ready=false ioregLocked=true cursorWins=0 loginWins=1
2026-10-09T14:33:04.664Z ready=false ioregLocked=true cursorWins=0 loginWins=1
2026-10-09T14:33:09.989Z ready=false ioregLocked=true cursorWins=0 loginWins=1
2026-10-09T14:33:15.314Z ready=false ioregLocked=true cursorWins=0 loginWins=1
2026-10-09T14:33:20.664Z ready=false ioregLocked=true cursorWins=0 loginWins=1
2026-10-09T14:33:26.007Z ready=false ioregLocked=true cursorWins=0 loginWins=1
2026-10-09T14:33:31.355Z ready=false ioregLocked=true cursorWins=0 loginWins=1
2026-10-09T14:33:36.697Z ready=false ioregLocked=true cursorWins=0 loginWins=1
2026-10-09T14:33:42.013Z ready=false ioregLocked=true cursorWins=0 loginWins=1
2026-10-09T14:33:47.354Z ready=false ioregLocked=true cursorWins=0 loginWins=1
2026-10-09T14:33:52.702Z ready=false ioregLocked=true cursorWins=0 loginWins=1
2026-10-09T14:33:58.040Z ready=false ioregLocked=true cursorWins=0 loginWins=1
2026-10-09T14:34:03.382Z ready=false ioregLocked=true cursorWins=0 loginWins=1
2026-10-09T14:34:08.721Z ready=false ioregLocked=true cursorWins=0 loginWins=1
2026-10-09T14:34:14.039Z ready=false ioregLocked=true cursorWins=0 loginWins=1
2026-10-09T14:34:19.382Z ready=false ioregLocked=true cursorWins=0 loginWins=1
2026-10-09T14:34:24.721Z ready=false ioregLocked=true cursorWins=0 loginWins=1
2026-10-09T14:34:30.063Z ready=false ioregLocked=true cursorWins=0 loginWins=1
2026-10-09T14:34:35.390Z ready=false ioregLocked=true cursorWins=0 loginWins=1
2026-10-09T14:34:40.714Z ready=false ioregLocked=true cursorWins=0 loginWins=1
2026-10-09T14:34:46.038Z ready=false ioregLocked=true cursorWins=0 loginWins=1
2026-10-09T14:34:51.365Z ready=false ioregLocked=true cursorWins=0 loginWins=1
2026-10-09T14:34:56.710Z ready=false ioregLocked=true cursorWins=0 loginWins=1
2026-10-09T14:35:02.030Z ready=false ioregLocked=true cursorWins=0 loginWins=1
2026-10-09T14:35:07.355Z ready=false ioregLocked=true cursorWins=0 loginWins=1
2026-10-09T14:35:12.681Z ready=false ioregLocked=true cursorWins=0 loginWins=1
2026-10-09T14:35:18.012Z ready=false ioregLocked=true cursorWins=0 loginWins=1
2026-10-09T14:35:23.343Z ready=false ioregLocked=true cursorWins=0 loginWins=1
2026-10-09T14:35:28.664Z ready=false ioregLocked=true cursorWins=0 loginWins=1
2026-10-09T14:35:33.996Z ready=false ioregLocked=true cursorWins=0 loginWins=1
2026-10-09T14:35:39.326Z ready=false ioregLocked=true cursorWins=0 loginWins=1
2026-10-09T14:35:44.654Z ready=false ioregLocked=true cursorWins=0 loginWins=1
2026-10-09T14:35:49.987Z ready=false ioregLocked=true cursorWins=0 loginWins=1
2026-10-09T14:35:55.321Z ready=false ioregLocked=true cursorWins=0 loginWins=1
2026-10-09T14:36:00.646Z ready=false ioregLocked=true cursorWins=0 loginWins=1
2026-10-09T14:36:05.973Z ready=false ioregLocked=true cursorWins=0 loginWins=1
2026-10-09T14:36:11.313Z ready=false ioregLocked=true cursorWins=0 loginWins=1
2026-10-09T14:36:16.638Z ready=false ioregLocked=true cursorWins=0 loginWins=1
2026-10-09T14:36:21.970Z ready=false ioregLocked=true cursorWins=0 loginWins=1
2026-10-09T14:36:27.306Z ready=false ioregLocked=true cursorWins=0 loginWins=1
2026-10-09T14:36:32.637Z ready=false ioregLocked=true cursorWins=0 loginWins=1
2026-10-09T14:36:37.971Z ready=false ioregLocked=true cursorWins=0 loginWins=1
2026-10-09T14:36:43.304Z ready=false ioregLocked=true cursorWins=0 loginWins=1
2026-10-09T14:36:48.635Z ready=false ioregLocked=true cursorWins=0 loginWins=1
2026-10-09T14:36:53.973Z ready=false ioregLocked=true cursorWins=0 loginWins=1
2026-10-09T14:36:59.312Z ready=false ioregLocked=true cursorWins=0 loginWins=1
2026-10-09T14:37:04.645Z ready=false ioregLocked=true cursorWins=0 loginWins=1
2026-10-09T14:37:09.981Z ready=false ioregLocked=true cursorWins=0 loginWins=1
2026-10-09T14:37:15.312Z ready=false ioregLocked=true cursorWins=0 loginWins=1
2026-10-09T14:37:20.643Z ready=false ioregLocked=true cursorWins=0 loginWins=1
2026-10-09T14:37:25.979Z ready=false ioregLocked=true cursorWins=0 loginWins=1
2026-10-09T14:37:31.319Z ready=false ioregLocked=true cursorWins=0 loginWins=1
2026-10-09T14:37:36.653Z ready=false ioregLocked=true cursorWins=0 loginWins=1
2026-10-09T14:37:41.980Z ready=false ioregLocked=true cursorWins=0 loginWins=1
2026-10-09T14:37:47.312Z ready=false ioregLocked=true cursorWins=0 loginWins=1
2026-10-09T14:37:52.643Z ready=false ioregLocked=true cursorWins=0 loginWins=1
2026-10-09T14:37:57.955Z ready=false ioregLocked=true cursorWins=0 loginWins=1
2026-10-09T14:38:03.272Z ready=false ioregLocked=true cursorWins=0 loginWins=1
2026-10-09T14:38:08.606Z ready=false ioregLocked=true cursorWins=0 loginWins=1
2026-10-09T14:38:13.937Z ready=false ioregLocked=true cursorWins=0 loginWins=1
2026-10-09T14:38:19.264Z ready=false ioregLocked=true cursorWins=0 loginWins=1
2026-10-09T14:38:24.603Z ready=false ioregLocked=true cursorWins=0 loginWins=1
2026-10-09T14:38:29.936Z ready=false ioregLocked=true cursorWins=0 loginWins=1
2026-10-09T14:38:35.269Z ready=false ioregLocked=true cursorWins=0 loginWins=1
2026-10-09T14:38:40.603Z ready=false ioregLocked=true cursorWins=0 loginWins=1
2026-10-09T14:38:45.938Z ready=false ioregLocked=true cursorWins=0 loginWins=1
2026-10-09T14:38:51.272Z ready=false ioregLocked=true cursorWins=0 loginWins=1
2026-10-09T14:38:56.606Z ready=false ioregLocked=true cursorWins=0 loginWins=1
2026-10-09T14:39:01.934Z ready=false ioregLocked=true cursorWins=0 loginWins=1
2026-10-09T14:39:07.278Z ready=false ioregLocked=true cursorWins=0 loginWins=1
2026-10-09T14:39:12.611Z ready=false ioregLocked=true cursorWins=0 loginWins=1
2026-10-09T14:39:17.945Z ready=false ioregLocked=true cursorWins=0 loginWins=1
2026-10-09T14:39:23.272Z ready=false ioregLocked=true cursorWins=0 loginWins=1
2026-10-09T14:39:28.613Z ready=false ioregLocked=true cursorWins=0 loginWins=1
2026-10-09T14:39:33.947Z ready=false ioregLocked=true cursorWins=0 loginWins=1
2026-10-09T14:39:39.295Z ready=false ioregLocked=true cursorWins=0 loginWins=1
2026-10-09T14:39:44.644Z ready=false ioregLocked=true cursorWins=0 loginWins=1
2026-10-09T14:39:49.980Z ready=false ioregLocked=true cursorWins=0 loginWins=1
2026-10-09T14:39:55.311Z ready=false ioregLocked=true cursorWins=0 loginWins=1
2026-10-09T14:40:00.636Z ready=false ioregLocked=true cursorWins=0 loginWins=1
2026-10-09T14:40:05.972Z ready=false ioregLocked=true cursorWins=0 loginWins=1
2026-10-09T14:40:11.305Z ready=false ioregLocked=true cursorWins=0 loginWins=1
2026-10-09T14:40:16.645Z ready=false ioregLocked=true cursorWins=0 loginWins=1
2026-10-09T14:40:21.971Z ready=false ioregLocked=true cursorWins=0 loginWins=1
2026-10-09T14:40:27.303Z ready=false ioregLocked=true cursorWins=0 loginWins=1
2026-10-09T14:40:32.629Z ready=false ioregLocked=true cursorWins=0 loginWins=1
2026-10-09T14:40:37.961Z ready=false ioregLocked=true cursorWins=0 loginWins=1
2026-10-09T14:40:43.301Z ready=false ioregLocked=true cursorWins=0 loginWins=1
2026-10-09T14:40:48.647Z ready=false ioregLocked=true cursorWins=0 loginWins=1
2026-10-09T14:40:54.000Z ready=false ioregLocked=true cursorWins=0 loginWins=1
2026-10-09T14:40:59.321Z ready=false ioregLocked=true cursorWins=0 loginWins=1
2026-10-09T14:41:04.653Z ready=false ioregLocked=true cursorWins=0 loginWins=1
2026-10-09T14:41:09.984Z ready=false ioregLocked=true cursorWins=0 loginWins=1
2026-10-09T14:41:15.319Z ready=false ioregLocked=true cursorWins=0 loginWins=1
2026-10-09T14:41:20.667Z ready=false ioregLocked=true cursorWins=0 loginWins=1
2026-10-09T14:41:25.997Z ready=false ioregLocked=true cursorWins=0 loginWins=1
2026-10-09T14:41:31.342Z ready=false ioregLocked=true cursorWins=0 loginWins=1
2026-10-09T14:41:36.667Z ready=false ioregLocked=true cursorWins=0 loginWins=1
2026-10-09T14:41:42.005Z ready=false ioregLocked=true cursorWins=0 loginWins=1
2026-10-09T14:41:47.291Z ready=true ioregLocked=false cursorWins=1 loginWins=0
2026-10-09T14:41:47.291Z unlocked — ready for make-bot auth capture (post-unlock-002)
2026-10-09T14:41:47.339Z post-unlock open Cursor status=0
2026-10-09T14:41:52.650Z post-settle ready=true ioregLocked=false cursorWins=1 loginWins=0
2026-10-09T14:41:52.651Z running probe /Users/josh-desktop/src/personal/pi-pstack-parity-again/parity/research/make-bot-auth-header-post-unlock-002/probe-auth-header.py
2026-10-09T14:46:07.822Z probe exit status=2 signal=
